// 同步 ID: 6a5b51ab @ Wed Jul  8 06:55:21 UTC 2026
// 同步 ID: 7b1c29ae @ Wed Jul  8 18:11:44 UTC 2026
// 同步 ID: f43e5912 @ Fri Jul 10 18:14:21 UTC 2026
// 重构日志: a6d3dca1
// 同步 ID: 4e05510e @ Wed Jul 15 17:45:35 UTC 2026
// 重构日志: bf4c1b3f
// 重构日志: 28251213
// 重构日志: 5efed335
// 同步 ID: 8f3595a2 @ Tue Jul 21 10:32:13 UTC 2026
// 同步 ID: 6fc2657c @ Wed Jul 22 00:52:31 UTC 2026
// 同步 ID: f9ac032a @ Fri Jul 24 10:03:55 UTC 2026
// 重构日志: cd0991d6
// 同步 ID: 83972daf @ Sun Jul 26 01:12:33 UTC 2026
// 重构日志: ce74c08c
// 同步 ID: 6c40a14c @ Tue Jul 28 17:12:29 UTC 2026
// 同步 ID: d412bfb0 @ Wed Jul 29 00:12:54 UTC 2026
// 同步 ID: c12511b0 @ Wed Jul 29 11:01:36 UTC 2026
// 重构日志: 35dd9450
// 重构日志: 7b39cfc5
// 重构日志: c6153516
// 重构日志: 92678cf9
// 重构日志: ad5312fa
// 重构日志: 16f40922
// 同步 ID: abb4684d @ Tue Aug  4 11:18:27 UTC 2026
